// Jest Snapshot v1, https://goo.gl/fbAQLP

exports[`Testing the Infection component should match the snapshot 1`] = `"<button class=\\"Turn\\" id=\\"done\\">Done with turn!</button>"`;
