// Jest Snapshot v1, https://goo.gl/fbAQLP

exports[`Testing the Player component should match the snapshot 1`] = `"<img src=\\"player.png\\" alt=\\"The player\\" class=\\"player\\"/>"`;
