// Jest Snapshot v1, https://goo.gl/fbAQLP

exports[`Testing the StartGame component should match the snapshot 1`] = `"<div class=\\"startButton\\" style=\\"visibility:visible\\"><button>Start Game!</button></div>"`;
